// Jest Snapshot v1, https://goo.gl/fbAQLP

exports[`<GameDialog /> renders dialog 1`] = `
<DocumentFragment>
  <div
    class="MuiModal-root MuiDialog-root css-zw3mfo-MuiModal-root-MuiDialog-root"
    role="presentation"
  >
    <div
      aria-hidden="true"
      class="MuiBackdrop-root css-yiavyu-MuiBackdrop-root-MuiDialog-backdrop"
      style="opacity: 1; webkit-transition: opacity 225ms cubic-bezier(0.4, 0, 0.2, 1) 0ms; transition: opacity 225ms cubic-bezier(0.4, 0, 0.2, 1) 0ms;"
    />
    <div
      data-test="sentinelStart"
      tabindex="0"
    />
    <div
      class="MuiDialog-container MuiDialog-scrollPaper css-hz1bth-MuiDialog-container"
      role="presentation"
      style="opacity: 1; webkit-transition: opacity 225ms cubic-bezier(0.4, 0, 0.2, 1) 0ms; transition: opacity 225ms cubic-bezier(0.4, 0, 0.2, 1) 0ms;"
      tabindex="-1"
    >
      <div
        aria-labelledby="mui-1"
        class="MuiPaper-root MuiPaper-elevation MuiPaper-rounded MuiPaper-elevation24 MuiDialog-paper MuiDialog-paperScrollPaper MuiDialog-paperWidthSm css-1t1j96h-MuiPaper-root-MuiDialog-paper"
        role="dialog"
      >
        <div
          class="MuiDialogContent-root css-ypiqx9-MuiDialogContent-root"
        >
          <div
            class="MuiGrid-root MuiGrid-container MuiGrid-spacing-xs-2 css-mhc70k-MuiGrid-root"
          >
            <div
              class="MuiGrid-root MuiGrid-item MuiGrid-grid-xs-4 css-gj1fbr-MuiGrid-root"
            >
              <div
                class="MuiPaper-root MuiPaper-elevation MuiPaper-rounded MuiPaper-elevation1 MuiCard-root css-bhp9pd-MuiPaper-root-MuiCard-root"
              >
                <div
                  class="MuiCardContent-root css-46bh2p-MuiCardContent-root"
                >
                  <p
                    class="MuiTypography-root MuiTypography-body1 Panel-text-2 css-ahj2mt-MuiTypography-root"
                  >
                    ?
                  </p>
                </div>
              </div>
            </div>
            <div
              class="MuiGrid-root MuiGrid-item MuiGrid-grid-xs-4 css-gj1fbr-MuiGrid-root"
            >
              <div
                class="MuiPaper-root MuiPaper-elevation MuiPaper-rounded MuiPaper-elevation1 MuiCard-root css-bhp9pd-MuiPaper-root-MuiCard-root"
              >
                <div
                  class="MuiCardContent-root css-46bh2p-MuiCardContent-root"
                >
                  <p
                    class="MuiTypography-root MuiTypography-body1 Panel-text-2 css-ahj2mt-MuiTypography-root"
                  >
                    ?
                  </p>
                </div>
              </div>
            </div>
            <div
              class="MuiGrid-root MuiGrid-item MuiGrid-grid-xs-4 css-gj1fbr-MuiGrid-root"
            >
              <div
                class="MuiPaper-root MuiPaper-elevation MuiPaper-rounded MuiPaper-elevation1 MuiCard-root css-bhp9pd-MuiPaper-root-MuiCard-root"
              >
                <div
                  class="MuiCardContent-root css-46bh2p-MuiCardContent-root"
                >
                  <p
                    class="MuiTypography-root MuiTypography-body1 Panel-text-2 css-ahj2mt-MuiTypography-root"
                  >
                    ?
                  </p>
                </div>
              </div>
            </div>
          </div>
        </div>
        <div
          class="MuiDialogActions-root MuiDialogActions-spacing css-hlj6pa-MuiDialogActions-root"
        >
          <button
            class="MuiButton-root MuiButton-text MuiButton-textPrimary MuiButton-sizeMedium MuiButton-textSizeMedium MuiButtonBase-root  css-1e6y48t-MuiButtonBase-root-MuiButton-root"
            tabindex="0"
            type="button"
          >
            @
            <span
              class="MuiTouchRipple-root css-8je8zh-MuiTouchRipple-root"
            />
          </button>
          <div
            class="GameDialog-grow-1"
          />
          <button
            class="MuiButton-root MuiButton-text MuiButton-textSecondary MuiButton-sizeMedium MuiButton-textSizeMedium MuiButtonBase-root  css-1d3f8j8-MuiButtonBase-root-MuiButton-root"
            tabindex="0"
            type="button"
          >
            Close
            <span
              class="MuiTouchRipple-root css-8je8zh-MuiTouchRipple-root"
            />
          </button>
          <button
            class="MuiButton-root MuiButton-text MuiButton-textPrimary MuiButton-sizeMedium MuiButton-textSizeMedium MuiButtonBase-root Mui-focusVisible  css-1e6y48t-MuiButtonBase-root-MuiButton-root"
            tabindex="0"
            type="button"
          >
            Spin
            <span
              class="MuiTouchRipple-root css-8je8zh-MuiTouchRipple-root"
            >
              <span
                class="css-y4cjyz-MuiTouchRipple-ripple MuiTouchRipple-ripple MuiTouchRipple-rippleVisible MuiTouchRipple-ripplePulsate"
                style="width: 1px; height: 1px; top: -0.5px; left: -0.5px;"
              >
                <span
                  class="MuiTouchRipple-child MuiTouchRipple-childPulsate"
                />
              </span>
            </span>
          </button>
        </div>
      </div>
    </div>
    <div
      data-test="sentinelEnd"
      tabindex="0"
    />
  </div>
</DocumentFragment>
`;
